Archive member included because of file (symbol)

d:/sysgcc/m68k-elf/bin/../lib/gcc/m68k-elf/4.8.0/m68000\libgcc.a(_double.o)
                              CMakeFiles/game.dir/C_/Users/zengfr/Desktop/c/test/src/include/common/draw.c.o (__adddf3)
d:/sysgcc/m68k-elf/bin/../lib/gcc/m68k-elf/4.8.0/m68000\libgcc.a(_floatex.o)
                              d:/sysgcc/m68k-elf/bin/../lib/gcc/m68k-elf/4.8.0/m68000\libgcc.a(_double.o) (_fpCCR)
d:/sysgcc/m68k-elf/bin/../lib/gcc/m68k-elf/4.8.0/m68000\libgcc.a(_ltdf2.o)
                              CMakeFiles/game.dir/C_/Users/zengfr/Desktop/c/test/src/include/common/draw.c.o (__ltdf2)
d:/sysgcc/m68k-elf/bin/../lib/gcc/m68k-elf/4.8.0/m68000\libgcc.a(_fixunsdfsi.o)
                              CMakeFiles/game.dir/C_/Users/zengfr/Desktop/c/test/src/include/common/draw.c.o (__fixunsdfsi)
d:/sysgcc/m68k-elf/bin/../lib/gcc/m68k-elf/4.8.0/m68000\libgcc.a(fpgnulib.o)
                              CMakeFiles/game.dir/C_/Users/zengfr/Desktop/c/test/src/include/common/draw.c.o (__floatsidf)
d:/sysgcc/m68k-elf/bin/../lib/gcc/m68k-elf/4.8.0/m68000\libgcc.a(_gedf2.o)
                              d:/sysgcc/m68k-elf/bin/../lib/gcc/m68k-elf/4.8.0/m68000\libgcc.a(_fixunsdfsi.o) (__gedf2)

Discarded input sections

 .comment       0x00000000       0x12 CMakeFiles/game.dir/C_/Users/zengfr/Desktop/c/test/src/include/common/draw.c.o
 .comment       0x00000000       0x12 CMakeFiles/game.dir/C_/Users/zengfr/Desktop/c/test/src/include/common/math.c.o
 .comment       0x00000000       0x12 CMakeFiles/game.dir/C_/Users/zengfr/Desktop/c/test/src/include/common/string.c.o
 .comment       0x00000000       0x12 d:/sysgcc/m68k-elf/bin/../lib/gcc/m68k-elf/4.8.0/m68000\libgcc.a(_fixunsdfsi.o)
 .comment       0x00000000       0x12 d:/sysgcc/m68k-elf/bin/../lib/gcc/m68k-elf/4.8.0/m68000\libgcc.a(fpgnulib.o)

Memory Configuration

Name             Origin             Length             Attributes
*default*        0x00000000         0xffffffff

Linker script and memory map


.rom            0x00000000    0xfce34
 *(.patch*)
 .patch         0x00000000    0xfbb20 CMakeFiles/game.dir/C_/Users/zengfr/Desktop/c/test/src/proj/punisher/patch.S.o
                0x00000000                __patch_end_dumpy
                0x00000000                __patch_start_dumpy
                0x000fbb20                __patch_start_ccodeabc
 *(.text*)
 .text          0x000fbb20      0x3ce CMakeFiles/game.dir/C_/Users/zengfr/Desktop/c/test/src/include/common/draw.c.o
                0x000fbb20                show_char
                0x000fbbc0                show_string
                0x000fbc40                show_bits
                0x000fbcca                show_line
                0x000fbe88                show_rectangle
 *fill*         0x000fbeee        0x2 
 .text          0x000fbef0        0x0 CMakeFiles/game.dir/C_/Users/zengfr/Desktop/c/test/src/include/common/math.c.o
 .text          0x000fbef0        0x0 CMakeFiles/game.dir/C_/Users/zengfr/Desktop/c/test/src/include/common/string.c.o
 .text          0x000fbef0        0x0 CMakeFiles/game.dir/C_/Users/zengfr/Desktop/c/test/src/proj/punisher/patch.S.o
 .text          0x000fbef0      0x9cc d:/sysgcc/m68k-elf/bin/../lib/gcc/m68k-elf/4.8.0/m68000\libgcc.a(_double.o)
                0x000fbf4a                __subdf3
                0x000fbf50                __adddf3
                0x000fc2e6                __muldf3
                0x000fc494                __divdf3
                0x000fc708                __negdf2
                0x000fc766                __cmpdf2_internal
                0x000fc836                __cmpdf2
 .text          0x000fc8bc       0x6a d:/sysgcc/m68k-elf/bin/../lib/gcc/m68k-elf/4.8.0/m68000\libgcc.a(_floatex.o)
                0x000fc8bc                __clear_sticky_bit
                0x000fc8ca                $_exception_handler
 *fill*         0x000fc926        0x2 
 .text          0x000fc928       0x22 d:/sysgcc/m68k-elf/bin/../lib/gcc/m68k-elf/4.8.0/m68000\libgcc.a(_ltdf2.o)
                0x000fc928                __ltdf2
 *fill*         0x000fc94a        0x2 
 .text          0x000fc94c       0x76 d:/sysgcc/m68k-elf/bin/../lib/gcc/m68k-elf/4.8.0/m68000\libgcc.a(_fixunsdfsi.o)
                0x000fc94c                __fixunsdfsi
 *fill*         0x000fc9c2        0x2 
 .text          0x000fc9c4      0x44c d:/sysgcc/m68k-elf/bin/../lib/gcc/m68k-elf/4.8.0/m68000\libgcc.a(fpgnulib.o)
                0x000fc9c4                __unordsf2
                0x000fca1a                __unorddf2
                0x000fca90                __floatunsidf
                0x000fcafc                __floatsidf
                0x000fcba4                __floatunsisf
                0x000fcbbe                __floatsisf
                0x000fcbd8                __extendsfdf2
                0x000fcc56                __truncdfsf2
                0x000fcd60                __fixdfsi
                0x000fcdf6                __fixsfsi
 .text          0x000fce10       0x22 d:/sysgcc/m68k-elf/bin/../lib/gcc/m68k-elf/4.8.0/m68000\libgcc.a(_gedf2.o)
                0x000fce10                __gedf2
 *(.rodata*)
                0x000fce34                . = ALIGN (0x4)
 *fill*         0x000fce32        0x2 
                0x000fce34                PROVIDE (__rom_end__, .)

.ram            0x00810000       0x1c
                0x00810000                PROVIDE (__ram_start__, .)
 *(.data*)
 .data          0x00810000        0x0 CMakeFiles/game.dir/C_/Users/zengfr/Desktop/c/test/src/include/common/draw.c.o
 .data          0x00810000        0x0 CMakeFiles/game.dir/C_/Users/zengfr/Desktop/c/test/src/include/common/math.c.o
 .data          0x00810000        0x0 CMakeFiles/game.dir/C_/Users/zengfr/Desktop/c/test/src/include/common/string.c.o
 .data          0x00810000        0x0 CMakeFiles/game.dir/C_/Users/zengfr/Desktop/c/test/src/proj/punisher/patch.S.o
 .data          0x00810000        0x0 d:/sysgcc/m68k-elf/bin/../lib/gcc/m68k-elf/4.8.0/m68000\libgcc.a(_double.o)
 .data          0x00810000       0x1c d:/sysgcc/m68k-elf/bin/../lib/gcc/m68k-elf/4.8.0/m68000\libgcc.a(_floatex.o)
                0x00810000                _fpCCR
 .data          0x0081001c        0x0 d:/sysgcc/m68k-elf/bin/../lib/gcc/m68k-elf/4.8.0/m68000\libgcc.a(_ltdf2.o)
 .data          0x0081001c        0x0 d:/sysgcc/m68k-elf/bin/../lib/gcc/m68k-elf/4.8.0/m68000\libgcc.a(_fixunsdfsi.o)
 .data          0x0081001c        0x0 d:/sysgcc/m68k-elf/bin/../lib/gcc/m68k-elf/4.8.0/m68000\libgcc.a(fpgnulib.o)
 .data          0x0081001c        0x0 d:/sysgcc/m68k-elf/bin/../lib/gcc/m68k-elf/4.8.0/m68000\libgcc.a(_gedf2.o)
 *(.bss*)
 .bss           0x0081001c        0x0 CMakeFiles/game.dir/C_/Users/zengfr/Desktop/c/test/src/include/common/draw.c.o
 .bss           0x0081001c        0x0 CMakeFiles/game.dir/C_/Users/zengfr/Desktop/c/test/src/include/common/math.c.o
 .bss           0x0081001c        0x0 CMakeFiles/game.dir/C_/Users/zengfr/Desktop/c/test/src/include/common/string.c.o
 .bss           0x0081001c        0x0 CMakeFiles/game.dir/C_/Users/zengfr/Desktop/c/test/src/proj/punisher/patch.S.o
 .bss           0x0081001c        0x0 d:/sysgcc/m68k-elf/bin/../lib/gcc/m68k-elf/4.8.0/m68000\libgcc.a(_double.o)
 .bss           0x0081001c        0x0 d:/sysgcc/m68k-elf/bin/../lib/gcc/m68k-elf/4.8.0/m68000\libgcc.a(_floatex.o)
 .bss           0x0081001c        0x0 d:/sysgcc/m68k-elf/bin/../lib/gcc/m68k-elf/4.8.0/m68000\libgcc.a(_ltdf2.o)
 .bss           0x0081001c        0x0 d:/sysgcc/m68k-elf/bin/../lib/gcc/m68k-elf/4.8.0/m68000\libgcc.a(_fixunsdfsi.o)
 .bss           0x0081001c        0x0 d:/sysgcc/m68k-elf/bin/../lib/gcc/m68k-elf/4.8.0/m68000\libgcc.a(fpgnulib.o)
 .bss           0x0081001c        0x0 d:/sysgcc/m68k-elf/bin/../lib/gcc/m68k-elf/4.8.0/m68000\libgcc.a(_gedf2.o)
 *(COMMON*)
                0x0081001c                . = ALIGN (0x4)
                0x0081001c                PROVIDE (__ram_end__, .)
                0x0081001c                PROVIDE (end, .)

/DISCARD/
 *(.discard*)
 *(.comment*)
Address of section .rom set to 0x0
Address of section .ram set to 0x810000
LOAD CMakeFiles/game.dir/C_/Users/zengfr/Desktop/c/test/src/include/common/draw.c.o
LOAD CMakeFiles/game.dir/C_/Users/zengfr/Desktop/c/test/src/include/common/math.c.o
LOAD CMakeFiles/game.dir/C_/Users/zengfr/Desktop/c/test/src/include/common/string.c.o
LOAD CMakeFiles/game.dir/C_/Users/zengfr/Desktop/c/test/src/proj/punisher/patch.S.o
LOAD d:/sysgcc/m68k-elf/bin/../lib/gcc/m68k-elf/4.8.0/../../../../m68k-elf/lib/m68000\libc.a
LOAD d:/sysgcc/m68k-elf/bin/../lib/gcc/m68k-elf/4.8.0/../../../../m68k-elf/lib/m68000\libnosys.a
LOAD d:/sysgcc/m68k-elf/bin/../lib/gcc/m68k-elf/4.8.0/m68000\libgcc.a
LOAD d:/sysgcc/m68k-elf/bin/../lib/gcc/m68k-elf/4.8.0/../../../../m68k-elf/lib/m68000\libg.a
LOAD d:/sysgcc/m68k-elf/bin/../lib/gcc/m68k-elf/4.8.0/../../../../m68k-elf/lib/m68000\libm.a
OUTPUT(game elf32-m68k)

.debug_info     0x00000000      0xaa1
 .debug_info    0x00000000      0x2ce CMakeFiles/game.dir/C_/Users/zengfr/Desktop/c/test/src/include/common/draw.c.o
 .debug_info    0x000002ce       0xc9 d:/sysgcc/m68k-elf/bin/../lib/gcc/m68k-elf/4.8.0/m68000\libgcc.a(_double.o)
 .debug_info    0x00000397       0xc9 d:/sysgcc/m68k-elf/bin/../lib/gcc/m68k-elf/4.8.0/m68000\libgcc.a(_floatex.o)
 .debug_info    0x00000460       0xc9 d:/sysgcc/m68k-elf/bin/../lib/gcc/m68k-elf/4.8.0/m68000\libgcc.a(_ltdf2.o)
 .debug_info    0x00000529       0xe9 d:/sysgcc/m68k-elf/bin/../lib/gcc/m68k-elf/4.8.0/m68000\libgcc.a(_fixunsdfsi.o)
 .debug_info    0x00000612      0x3c6 d:/sysgcc/m68k-elf/bin/../lib/gcc/m68k-elf/4.8.0/m68000\libgcc.a(fpgnulib.o)
 .debug_info    0x000009d8       0xc9 d:/sysgcc/m68k-elf/bin/../lib/gcc/m68k-elf/4.8.0/m68000\libgcc.a(_gedf2.o)

.debug_abbrev   0x00000000      0x2f1
 .debug_abbrev  0x00000000       0xcd CMakeFiles/game.dir/C_/Users/zengfr/Desktop/c/test/src/include/common/draw.c.o
 .debug_abbrev  0x000000cd       0x14 d:/sysgcc/m68k-elf/bin/../lib/gcc/m68k-elf/4.8.0/m68000\libgcc.a(_double.o)
 .debug_abbrev  0x000000e1       0x14 d:/sysgcc/m68k-elf/bin/../lib/gcc/m68k-elf/4.8.0/m68000\libgcc.a(_floatex.o)
 .debug_abbrev  0x000000f5       0x14 d:/sysgcc/m68k-elf/bin/../lib/gcc/m68k-elf/4.8.0/m68000\libgcc.a(_ltdf2.o)
 .debug_abbrev  0x00000109       0x60 d:/sysgcc/m68k-elf/bin/../lib/gcc/m68k-elf/4.8.0/m68000\libgcc.a(_fixunsdfsi.o)
 .debug_abbrev  0x00000169      0x174 d:/sysgcc/m68k-elf/bin/../lib/gcc/m68k-elf/4.8.0/m68000\libgcc.a(fpgnulib.o)
 .debug_abbrev  0x000002dd       0x14 d:/sysgcc/m68k-elf/bin/../lib/gcc/m68k-elf/4.8.0/m68000\libgcc.a(_gedf2.o)

.debug_aranges  0x00000000       0xe0
 .debug_aranges
                0x00000000       0x20 CMakeFiles/game.dir/C_/Users/zengfr/Desktop/c/test/src/include/common/draw.c.o
 .debug_aranges
                0x00000020       0x20 d:/sysgcc/m68k-elf/bin/../lib/gcc/m68k-elf/4.8.0/m68000\libgcc.a(_double.o)
 .debug_aranges
                0x00000040       0x20 d:/sysgcc/m68k-elf/bin/../lib/gcc/m68k-elf/4.8.0/m68000\libgcc.a(_floatex.o)
 .debug_aranges
                0x00000060       0x20 d:/sysgcc/m68k-elf/bin/../lib/gcc/m68k-elf/4.8.0/m68000\libgcc.a(_ltdf2.o)
 .debug_aranges
                0x00000080       0x20 d:/sysgcc/m68k-elf/bin/../lib/gcc/m68k-elf/4.8.0/m68000\libgcc.a(_fixunsdfsi.o)
 .debug_aranges
                0x000000a0       0x20 d:/sysgcc/m68k-elf/bin/../lib/gcc/m68k-elf/4.8.0/m68000\libgcc.a(fpgnulib.o)
 .debug_aranges
                0x000000c0       0x20 d:/sysgcc/m68k-elf/bin/../lib/gcc/m68k-elf/4.8.0/m68000\libgcc.a(_gedf2.o)

.debug_line     0x00000000      0x80a
 .debug_line    0x00000000      0x106 CMakeFiles/game.dir/C_/Users/zengfr/Desktop/c/test/src/include/common/draw.c.o
 .debug_line    0x00000106        0x0 CMakeFiles/game.dir/C_/Users/zengfr/Desktop/c/test/src/include/common/math.c.o
 .debug_line    0x00000106        0x0 CMakeFiles/game.dir/C_/Users/zengfr/Desktop/c/test/src/include/common/string.c.o
 .debug_line    0x00000106      0x3e4 d:/sysgcc/m68k-elf/bin/../lib/gcc/m68k-elf/4.8.0/m68000\libgcc.a(_double.o)
 .debug_line    0x000004ea       0x7c d:/sysgcc/m68k-elf/bin/../lib/gcc/m68k-elf/4.8.0/m68000\libgcc.a(_floatex.o)
 .debug_line    0x00000566       0x6b d:/sysgcc/m68k-elf/bin/../lib/gcc/m68k-elf/4.8.0/m68000\libgcc.a(_ltdf2.o)
 .debug_line    0x000005d1       0x6a d:/sysgcc/m68k-elf/bin/../lib/gcc/m68k-elf/4.8.0/m68000\libgcc.a(_fixunsdfsi.o)
 .debug_line    0x0000063b      0x164 d:/sysgcc/m68k-elf/bin/../lib/gcc/m68k-elf/4.8.0/m68000\libgcc.a(fpgnulib.o)
 .debug_line    0x0000079f       0x6b d:/sysgcc/m68k-elf/bin/../lib/gcc/m68k-elf/4.8.0/m68000\libgcc.a(_gedf2.o)

.debug_str      0x00000000      0x374
 .debug_str     0x00000000      0x13a CMakeFiles/game.dir/C_/Users/zengfr/Desktop/c/test/src/include/common/draw.c.o
                                0x17a (size before relaxing)
 .debug_str     0x0000013a        0x0 CMakeFiles/game.dir/C_/Users/zengfr/Desktop/c/test/src/include/common/math.c.o
 .debug_str     0x0000013a        0x0 CMakeFiles/game.dir/C_/Users/zengfr/Desktop/c/test/src/include/common/string.c.o
 .debug_str     0x0000013a      0x14a d:/sysgcc/m68k-elf/bin/../lib/gcc/m68k-elf/4.8.0/m68000\libgcc.a(_fixunsdfsi.o)
                                0x1fc (size before relaxing)
 .debug_str     0x00000284       0xf0 d:/sysgcc/m68k-elf/bin/../lib/gcc/m68k-elf/4.8.0/m68000\libgcc.a(fpgnulib.o)
                                0x1fa (size before relaxing)

.debug_frame    0x00000000      0x2ac
 .debug_frame   0x00000000      0x144 CMakeFiles/game.dir/C_/Users/zengfr/Desktop/c/test/src/include/common/draw.c.o
 .debug_frame   0x00000144       0x30 d:/sysgcc/m68k-elf/bin/../lib/gcc/m68k-elf/4.8.0/m68000\libgcc.a(_fixunsdfsi.o)
 .debug_frame   0x00000174      0x138 d:/sysgcc/m68k-elf/bin/../lib/gcc/m68k-elf/4.8.0/m68000\libgcc.a(fpgnulib.o)

.debug_loc      0x00000000      0x620
 .debug_loc     0x00000000      0x620 d:/sysgcc/m68k-elf/bin/../lib/gcc/m68k-elf/4.8.0/m68000\libgcc.a(fpgnulib.o)

.debug_ranges   0x00000000       0x18
 .debug_ranges  0x00000000       0x18 d:/sysgcc/m68k-elf/bin/../lib/gcc/m68k-elf/4.8.0/m68000\libgcc.a(fpgnulib.o)
